[2026-05-28 07:50:42] testing.ERROR: Cannot assign null to property App\Services\PaystackService::$secret of type string {"userId":"b3ef58df-8266-4d91-8505-83df00f57433","exception":"[object] (TypeError(code: 0): Cannot assign null to property App\\Services\\PaystackService::$secret of type string at /Users/akrasi/Documents/GitHub/Adepa/backend/app/Services/PaystackService.php:16)
[stacktrace]
#0 [internal function]: App\\Services\\PaystackService->__construct()
#1 /Users/akrasi/Documents/GitHub/Adepa/backend/vendor/laravel/framework/src/Illuminate/Container/Container.php(1004): ReflectionClass->newInstanceArgs(Array)
#2 /Users/akrasi/Documents/GitHub/Adepa/backend/vendor/laravel/framework/src/Illuminate/Container/Container.php(321): Illuminate\\Container\\Container->build('App\\\\Services\\\\Pa...')
#3 /Users/akrasi/Documents/GitHub/Adepa/backend/vendor/laravel/framework/src/Illuminate/Container/Container.php(952): Illuminate\\Container\\Container->{closure:Illuminate\\Container\\Container::getClosure():319}(Object(Illuminate\\Foundation\\Application), Array)
#4 /Users/akrasi/Documents/GitHub/Adepa/backend/vendor/laravel/framework/src/Illuminate/Container/Container.php(832): Illuminate\\Container\\Container->build(Object(Closure))
#5 /Users/akrasi/Documents/GitHub/Adepa/backend/vendor/laravel/framework/src/Illuminate/Foundation/Application.php(1078): Illuminate\\Container\\Container->resolve('App\\\\Services\\\\Pa...', Array, true)
#6 /Users/akrasi/Documents/GitHub/Adepa/backend/vendor/laravel/framework/src/Illuminate/Container/Container.php(763): Illuminate\\Foundation\\Application->resolve('App\\\\Services\\\\Pa...', Array)
#7 /Users/akrasi/Documents/GitHub/Adepa/backend/vendor/laravel/framework/src/Illuminate/Foundation/Application.php(1058): Illuminate\\Container\\Container->make('App\\\\Services\\\\Pa...', Array)
#8 /Users/akrasi/Documents/GitHub/Adepa/backend/vendor/laravel/framework/src/Illuminate/Container/Container.php(1133): Illuminate\\Foundation\\Application->make('App\\\\Services\\\\Pa...')
#9 /Users/akrasi/Documents/GitHub/Adepa/backend/vendor/laravel/framework/src/Illuminate/Container/Container.php(1043): Illuminate\\Container\\Container->resolveClass(Object(ReflectionParameter))
#10 /Users/akrasi/Documents/GitHub/Adepa/backend/vendor/laravel/framework/src/Illuminate/Container/Container.php(994): Illuminate\\Container\\Container->resolveDependencies(Array)
#11 /Users/akrasi/Documents/GitHub/Adepa/backend/vendor/laravel/framework/src/Illuminate/Container/Container.php(832): Illuminate\\Container\\Container->build('App\\\\Http\\\\Contro...')
#12 /Users/akrasi/Documents/GitHub/Adepa/backend/vendor/laravel/framework/src/Illuminate/Foundation/Application.php(1078): Illuminate\\Container\\Container->resolve('App\\\\Http\\\\Contro...', Array, true)
#13 /Users/akrasi/Documents/GitHub/Adepa/backend/vendor/laravel/framework/src/Illuminate/Container/Container.php(763): Illuminate\\Foundation\\Application->resolve('App\\\\Http\\\\Contro...', Array)
#14 /Users/akrasi/Documents/GitHub/Adepa/backend/vendor/laravel/framework/src/Illuminate/Foundation/Application.php(1058): Illuminate\\Container\\Container->make('App\\\\Http\\\\Contro...', Array)
#15 /Users/akrasi/Documents/GitHub/Adepa/backend/vendor/laravel/framework/src/Illuminate/Routing/Route.php(285): Illuminate\\Foundation\\Application->make('App\\\\Http\\\\Contro...')
#16 /Users/akrasi/Documents/GitHub/Adepa/backend/vendor/laravel/framework/src/Illuminate/Routing/Route.php(1125): Illuminate\\Routing\\Route->getController()
#17 /Users/akrasi/Documents/GitHub/Adepa/backend/vendor/laravel/framework/src/Illuminate/Routing/Route.php(1054): Illuminate\\Routing\\Route->controllerMiddleware()
#18 /Users/akrasi/Documents/GitHub/Adepa/backend/vendor/laravel/framework/src/Illuminate/Routing/Router.php(820): Illuminate\\Routing\\Route->gatherMiddleware()
#19 /Users/akrasi/Documents/GitHub/Adepa/backend/vendor/laravel/framework/src/Illuminate/Routing/Router.php(802): Illuminate\\Routing\\Router->gatherRouteMiddleware(Object(Illuminate\\Routing\\Route))
#20 /Users/akrasi/Documents/GitHub/Adepa/backend/vendor/laravel/framework/src/Illuminate/Routing/Router.php(786): Illuminate\\Routing\\Router->runRouteWithinStack(Object(Illuminate\\Routing\\Route), Object(Illuminate\\Http\\Request))
#21 /Users/akrasi/Documents/GitHub/Adepa/backend/vendor/laravel/framework/src/Illuminate/Routing/Router.php(750): Illuminate\\Routing\\Router->runRoute(Object(Illuminate\\Http\\Request), Object(Illuminate\\Routing\\Route))
#22 /Users/akrasi/Documents/GitHub/Adepa/backend/vendor/laravel/framework/src/Illuminate/Routing/Router.php(739): Illuminate\\Routing\\Router->dispatchToRoute(Object(Illuminate\\Http\\Request))
#23 /Users/akrasi/Documents/GitHub/Adepa/backend/vendor/laravel/framework/src/Illuminate/Foundation/Http/Kernel.php(201): Illuminate\\Routing\\Router->dispatch(Object(Illuminate\\Http\\Request))
#24 /Users/akrasi/Documents/GitHub/Adepa/backend/vendor/laravel/framework/src/Illuminate/Pipeline/Pipeline.php(170): Illuminate\\Foundation\\Http\\Kernel->{closure:Illuminate\\Foundation\\Http\\Kernel::dispatchToRouter():198}(Object(Illuminate\\Http\\Request))
#25 /Users/akrasi/Documents/GitHub/Adepa/backend/vendor/laravel/framework/src/Illuminate/Foundation/Http/Middleware/TransformsRequest.php(21): Illuminate\\Pipeline\\Pipeline->{closure:Illuminate\\Pipeline\\Pipeline::prepareDestination():168}(Object(Illuminate\\Http\\Request))
#26 /Users/akrasi/Documents/GitHub/Adepa/backend/vendor/laravel/framework/src/Illuminate/Foundation/Http/Middleware/ConvertEmptyStringsToNull.php(31): Illuminate\\Foundation\\Http\\Middleware\\TransformsRequest->handle(Object(Illuminate\\Http\\Request), Object(Closure))
#27 /Users/akrasi/Documents/GitHub/Adepa/backend/vendor/laravel/framework/src/Illuminate/Pipeline/Pipeline.php(209): Illuminate\\Foundation\\Http\\Middleware\\ConvertEmptyStringsToNull->handle(Object(Illuminate\\Http\\Request), Object(Closure))
#28 /Users/akrasi/Documents/GitHub/Adepa/backend/vendor/laravel/framework/src/Illuminate/Foundation/Http/Middleware/TransformsRequest.php(21): Illuminate\\Pipeline\\Pipeline->{closure:{closure:Illuminate\\Pipeline\\Pipeline::carry():184}:185}(Object(Illuminate\\Http\\Request))
#29 /Users/akrasi/Documents/GitHub/Adepa/backend/vendor/laravel/framework/src/Illuminate/Foundation/Http/Middleware/TrimStrings.php(51): Illuminate\\Foundation\\Http\\Middleware\\TransformsRequest->handle(Object(Illuminate\\Http\\Request), Object(Closure))
#30 /Users/akrasi/Documents/GitHub/Adepa/backend/vendor/laravel/framework/src/Illuminate/Pipeline/Pipeline.php(209): Illuminate\\Foundation\\Http\\Middleware\\TrimStrings->handle(Object(Illuminate\\Http\\Request), Object(Closure))
#31 /Users/akrasi/Documents/GitHub/Adepa/backend/vendor/laravel/framework/src/Illuminate/Http/Middleware/ValidatePostSize.php(27): Illuminate\\Pipeline\\Pipeline->{closure:{closure:Illuminate\\Pipeline\\Pipeline::carry():184}:185}(Object(Illuminate\\Http\\Request))
#32 /Users/akrasi/Documents/GitHub/Adepa/backend/vendor/laravel/framework/src/Illuminate/Pipeline/Pipeline.php(209): Illuminate\\Http\\Middleware\\ValidatePostSize->handle(Object(Illuminate\\Http\\Request), Object(Closure))
#33 /Users/akrasi/Documents/GitHub/Adepa/backend/vendor/laravel/framework/src/Illuminate/Foundation/Http/Middleware/PreventRequestsDuringMaintenance.php(110): Illuminate\\Pipeline\\Pipeline->{closure:{closure:Illuminate\\Pipeline\\Pipeline::carry():184}:185}(Object(Illuminate\\Http\\Request))
#34 /Users/akrasi/Documents/GitHub/Adepa/backend/vendor/laravel/framework/src/Illuminate/Pipeline/Pipeline.php(209): Illuminate\\Foundation\\Http\\Middleware\\PreventRequestsDuringMaintenance->handle(Object(Illuminate\\Http\\Request), Object(Closure))
#35 /Users/akrasi/Documents/GitHub/Adepa/backend/vendor/laravel/framework/src/Illuminate/Http/Middleware/HandleCors.php(62): Illuminate\\Pipeline\\Pipeline->{closure:{closure:Illuminate\\Pipeline\\Pipeline::carry():184}:185}(Object(Illuminate\\Http\\Request))
#36 /Users/akrasi/Documents/GitHub/Adepa/backend/vendor/laravel/framework/src/Illuminate/Pipeline/Pipeline.php(209): Illuminate\\Http\\Middleware\\HandleCors->handle(Object(Illuminate\\Http\\Request), Object(Closure))
#37 /Users/akrasi/Documents/GitHub/Adepa/backend/vendor/laravel/framework/src/Illuminate/Http/Middleware/TrustProxies.php(58): Illuminate\\Pipeline\\Pipeline->{closure:{closure:Illuminate\\Pipeline\\Pipeline::carry():184}:185}(Object(Illuminate\\Http\\Request))
#38 /Users/akrasi/Documents/GitHub/Adepa/backend/vendor/laravel/framework/src/Illuminate/Pipeline/Pipeline.php(209): Illuminate\\Http\\Middleware\\TrustProxies->handle(Object(Illuminate\\Http\\Request), Object(Closure))
#39 /Users/akrasi/Documents/GitHub/Adepa/backend/vendor/laravel/framework/src/Illuminate/Foundation/Http/Middleware/InvokeDeferredCallbacks.php(22): Illuminate\\Pipeline\\Pipeline->{closure:{closure:Illuminate\\Pipeline\\Pipeline::carry():184}:185}(Object(Illuminate\\Http\\Request))
#40 /Users/akrasi/Documents/GitHub/Adepa/backend/vendor/laravel/framework/src/Illuminate/Pipeline/Pipeline.php(209): Illuminate\\Foundation\\Http\\Middleware\\InvokeDeferredCallbacks->handle(Object(Illuminate\\Http\\Request), Object(Closure))
#41 /Users/akrasi/Documents/GitHub/Adepa/backend/vendor/laravel/framework/src/Illuminate/Pipeline/Pipeline.php(127): Illuminate\\Pipeline\\Pipeline->{closure:{closure:Illuminate\\Pipeline\\Pipeline::carry():184}:185}(Object(Illuminate\\Http\\Request))
#42 /Users/akrasi/Documents/GitHub/Adepa/backend/vendor/laravel/framework/src/Illuminate/Foundation/Http/Kernel.php(176): Illuminate\\Pipeline\\Pipeline->then(Object(Closure))
#43 /Users/akrasi/Documents/GitHub/Adepa/backend/vendor/laravel/framework/src/Illuminate/Foundation/Http/Kernel.php(145): Illuminate\\Foundation\\Http\\Kernel->sendRequestThroughRouter(Object(Illuminate\\Http\\Request))
#44 /Users/akrasi/Documents/GitHub/Adepa/backend/vendor/laravel/framework/src/Illuminate/Foundation/Testing/Concerns/MakesHttpRequests.php(607): Illuminate\\Foundation\\Http\\Kernel->handle(Object(Illuminate\\Http\\Request))
#45 /Users/akrasi/Documents/GitHub/Adepa/backend/vendor/laravel/framework/src/Illuminate/Foundation/Testing/Concerns/MakesHttpRequests.php(573): Illuminate\\Foundation\\Testing\\TestCase->call('GET', '/api/v1/orders/...', Array, Array, Array, Array, '[]')
#46 /Users/akrasi/Documents/GitHub/Adepa/backend/vendor/laravel/framework/src/Illuminate/Foundation/Testing/Concerns/MakesHttpRequests.php(381): Illuminate\\Foundation\\Testing\\TestCase->json('GET', '/api/v1/orders/...', Array, Array, 0)
#47 /Users/akrasi/Documents/GitHub/Adepa/backend/tests/Feature/AuthTest.php(69): Illuminate\\Foundation\\Testing\\TestCase->getJson('/api/v1/orders/...')
#48 /Users/akrasi/Documents/GitHub/Adepa/backend/vendor/phpunit/phpunit/src/Framework/TestCase.php(1667): Tests\\Feature\\AuthTest->test_force_password_change_locks_out_other_endpoints()
#49 /Users/akrasi/Documents/GitHub/Adepa/backend/vendor/phpunit/phpunit/src/Framework/TestCase.php(519): PHPUnit\\Framework\\TestCase->runTest()
#50 /Users/akrasi/Documents/GitHub/Adepa/backend/vendor/phpunit/phpunit/src/Framework/TestRunner/TestRunner.php(87): PHPUnit\\Framework\\TestCase->runBare()
#51 /Users/akrasi/Documents/GitHub/Adepa/backend/vendor/phpunit/phpunit/src/Framework/TestCase.php(365): PHPUnit\\Framework\\TestRunner->run(Object(Tests\\Feature\\AuthTest))
#52 /Users/akrasi/Documents/GitHub/Adepa/backend/vendor/phpunit/phpunit/src/Framework/TestSuite.php(369): PHPUnit\\Framework\\TestCase->run()
#53 /Users/akrasi/Documents/GitHub/Adepa/backend/vendor/phpunit/phpunit/src/Framework/TestSuite.php(369): PHPUnit\\Framework\\TestSuite->run()
#54 /Users/akrasi/Documents/GitHub/Adepa/backend/vendor/phpunit/phpunit/src/Framework/TestSuite.php(369): PHPUnit\\Framework\\TestSuite->run()
#55 /Users/akrasi/Documents/GitHub/Adepa/backend/vendor/phpunit/phpunit/src/TextUI/TestRunner.php(64): PHPUnit\\Framework\\TestSuite->run()
#56 /Users/akrasi/Documents/GitHub/Adepa/backend/vendor/phpunit/phpunit/src/TextUI/Application.php(211): PHPUnit\\TextUI\\TestRunner->run(Object(PHPUnit\\TextUI\\Configuration\\Configuration), Object(PHPUnit\\Runner\\ResultCache\\DefaultResultCache), Object(PHPUnit\\Framework\\TestSuite))
#57 /Users/akrasi/Documents/GitHub/Adepa/backend/vendor/phpunit/phpunit/phpunit(104): PHPUnit\\TextUI\\Application->run(Array)
#58 /Users/akrasi/Documents/GitHub/Adepa/backend/vendor/bin/phpunit(122): include('/Users/akrasi/D...')
#59 {main}
"} 
[2026-05-28 07:50:42] testing.ERROR: Cannot assign null to property App\Services\PaystackService::$secret of type string {"userId":"882ca61a-16f2-423c-8e84-8e3e253350af","exception":"[object] (TypeError(code: 0): Cannot assign null to property App\\Services\\PaystackService::$secret of type string at /Users/akrasi/Documents/GitHub/Adepa/backend/app/Services/PaystackService.php:16)
[stacktrace]
#0 [internal function]: App\\Services\\PaystackService->__construct()
#1 /Users/akrasi/Documents/GitHub/Adepa/backend/vendor/laravel/framework/src/Illuminate/Container/Container.php(1004): ReflectionClass->newInstanceArgs(Array)
#2 /Users/akrasi/Documents/GitHub/Adepa/backend/vendor/laravel/framework/src/Illuminate/Container/Container.php(321): Illuminate\\Container\\Container->build('App\\\\Services\\\\Pa...')
#3 /Users/akrasi/Documents/GitHub/Adepa/backend/vendor/laravel/framework/src/Illuminate/Container/Container.php(952): Illuminate\\Container\\Container->{closure:Illuminate\\Container\\Container::getClosure():319}(Object(Illuminate\\Foundation\\Application), Array)
#4 /Users/akrasi/Documents/GitHub/Adepa/backend/vendor/laravel/framework/src/Illuminate/Container/Container.php(832): Illuminate\\Container\\Container->build(Object(Closure))
#5 /Users/akrasi/Documents/GitHub/Adepa/backend/vendor/laravel/framework/src/Illuminate/Foundation/Application.php(1078): Illuminate\\Container\\Container->resolve('App\\\\Services\\\\Pa...', Array, true)
#6 /Users/akrasi/Documents/GitHub/Adepa/backend/vendor/laravel/framework/src/Illuminate/Container/Container.php(763): Illuminate\\Foundation\\Application->resolve('App\\\\Services\\\\Pa...', Array)
#7 /Users/akrasi/Documents/GitHub/Adepa/backend/vendor/laravel/framework/src/Illuminate/Foundation/Application.php(1058): Illuminate\\Container\\Container->make('App\\\\Services\\\\Pa...', Array)
#8 /Users/akrasi/Documents/GitHub/Adepa/backend/vendor/laravel/framework/src/Illuminate/Container/Container.php(1133): Illuminate\\Foundation\\Application->make('App\\\\Services\\\\Pa...')
#9 /Users/akrasi/Documents/GitHub/Adepa/backend/vendor/laravel/framework/src/Illuminate/Container/Container.php(1043): Illuminate\\Container\\Container->resolveClass(Object(ReflectionParameter))
#10 /Users/akrasi/Documents/GitHub/Adepa/backend/vendor/laravel/framework/src/Illuminate/Container/Container.php(994): Illuminate\\Container\\Container->resolveDependencies(Array)
#11 /Users/akrasi/Documents/GitHub/Adepa/backend/vendor/laravel/framework/src/Illuminate/Container/Container.php(832): Illuminate\\Container\\Container->build('App\\\\Http\\\\Contro...')
#12 /Users/akrasi/Documents/GitHub/Adepa/backend/vendor/laravel/framework/src/Illuminate/Foundation/Application.php(1078): Illuminate\\Container\\Container->resolve('App\\\\Http\\\\Contro...', Array, true)
#13 /Users/akrasi/Documents/GitHub/Adepa/backend/vendor/laravel/framework/src/Illuminate/Container/Container.php(763): Illuminate\\Foundation\\Application->resolve('App\\\\Http\\\\Contro...', Array)
#14 /Users/akrasi/Documents/GitHub/Adepa/backend/vendor/laravel/framework/src/Illuminate/Foundation/Application.php(1058): Illuminate\\Container\\Container->make('App\\\\Http\\\\Contro...', Array)
#15 /Users/akrasi/Documents/GitHub/Adepa/backend/vendor/laravel/framework/src/Illuminate/Routing/Route.php(285): Illuminate\\Foundation\\Application->make('App\\\\Http\\\\Contro...')
#16 /Users/akrasi/Documents/GitHub/Adepa/backend/vendor/laravel/framework/src/Illuminate/Routing/Route.php(1125): Illuminate\\Routing\\Route->getController()
#17 /Users/akrasi/Documents/GitHub/Adepa/backend/vendor/laravel/framework/src/Illuminate/Routing/Route.php(1054): Illuminate\\Routing\\Route->controllerMiddleware()
#18 /Users/akrasi/Documents/GitHub/Adepa/backend/vendor/laravel/framework/src/Illuminate/Routing/Router.php(820): Illuminate\\Routing\\Route->gatherMiddleware()
#19 /Users/akrasi/Documents/GitHub/Adepa/backend/vendor/laravel/framework/src/Illuminate/Routing/Router.php(802): Illuminate\\Routing\\Router->gatherRouteMiddleware(Object(Illuminate\\Routing\\Route))
#20 /Users/akrasi/Documents/GitHub/Adepa/backend/vendor/laravel/framework/src/Illuminate/Routing/Router.php(786): Illuminate\\Routing\\Router->runRouteWithinStack(Object(Illuminate\\Routing\\Route), Object(Illuminate\\Http\\Request))
#21 /Users/akrasi/Documents/GitHub/Adepa/backend/vendor/laravel/framework/src/Illuminate/Routing/Router.php(750): Illuminate\\Routing\\Router->runRoute(Object(Illuminate\\Http\\Request), Object(Illuminate\\Routing\\Route))
#22 /Users/akrasi/Documents/GitHub/Adepa/backend/vendor/laravel/framework/src/Illuminate/Routing/Router.php(739): Illuminate\\Routing\\Router->dispatchToRoute(Object(Illuminate\\Http\\Request))
#23 /Users/akrasi/Documents/GitHub/Adepa/backend/vendor/laravel/framework/src/Illuminate/Foundation/Http/Kernel.php(201): Illuminate\\Routing\\Router->dispatch(Object(Illuminate\\Http\\Request))
#24 /Users/akrasi/Documents/GitHub/Adepa/backend/vendor/laravel/framework/src/Illuminate/Pipeline/Pipeline.php(170): Illuminate\\Foundation\\Http\\Kernel->{closure:Illuminate\\Foundation\\Http\\Kernel::dispatchToRouter():198}(Object(Illuminate\\Http\\Request))
#25 /Users/akrasi/Documents/GitHub/Adepa/backend/vendor/laravel/framework/src/Illuminate/Foundation/Http/Middleware/TransformsRequest.php(21): Illuminate\\Pipeline\\Pipeline->{closure:Illuminate\\Pipeline\\Pipeline::prepareDestination():168}(Object(Illuminate\\Http\\Request))
#26 /Users/akrasi/Documents/GitHub/Adepa/backend/vendor/laravel/framework/src/Illuminate/Foundation/Http/Middleware/ConvertEmptyStringsToNull.php(31): Illuminate\\Foundation\\Http\\Middleware\\TransformsRequest->handle(Object(Illuminate\\Http\\Request), Object(Closure))
#27 /Users/akrasi/Documents/GitHub/Adepa/backend/vendor/laravel/framework/src/Illuminate/Pipeline/Pipeline.php(209): Illuminate\\Foundation\\Http\\Middleware\\ConvertEmptyStringsToNull->handle(Object(Illuminate\\Http\\Request), Object(Closure))
#28 /Users/akrasi/Documents/GitHub/Adepa/backend/vendor/laravel/framework/src/Illuminate/Foundation/Http/Middleware/TransformsRequest.php(21): Illuminate\\Pipeline\\Pipeline->{closure:{closure:Illuminate\\Pipeline\\Pipeline::carry():184}:185}(Object(Illuminate\\Http\\Request))
#29 /Users/akrasi/Documents/GitHub/Adepa/backend/vendor/laravel/framework/src/Illuminate/Foundation/Http/Middleware/TrimStrings.php(51): Illuminate\\Foundation\\Http\\Middleware\\TransformsRequest->handle(Object(Illuminate\\Http\\Request), Object(Closure))
#30 /Users/akrasi/Documents/GitHub/Adepa/backend/vendor/laravel/framework/src/Illuminate/Pipeline/Pipeline.php(209): Illuminate\\Foundation\\Http\\Middleware\\TrimStrings->handle(Object(Illuminate\\Http\\Request), Object(Closure))
#31 /Users/akrasi/Documents/GitHub/Adepa/backend/vendor/laravel/framework/src/Illuminate/Http/Middleware/ValidatePostSize.php(27): Illuminate\\Pipeline\\Pipeline->{closure:{closure:Illuminate\\Pipeline\\Pipeline::carry():184}:185}(Object(Illuminate\\Http\\Request))
#32 /Users/akrasi/Documents/GitHub/Adepa/backend/vendor/laravel/framework/src/Illuminate/Pipeline/Pipeline.php(209): Illuminate\\Http\\Middleware\\ValidatePostSize->handle(Object(Illuminate\\Http\\Request), Object(Closure))
#33 /Users/akrasi/Documents/GitHub/Adepa/backend/vendor/laravel/framework/src/Illuminate/Foundation/Http/Middleware/PreventRequestsDuringMaintenance.php(110): Illuminate\\Pipeline\\Pipeline->{closure:{closure:Illuminate\\Pipeline\\Pipeline::carry():184}:185}(Object(Illuminate\\Http\\Request))
#34 /Users/akrasi/Documents/GitHub/Adepa/backend/vendor/laravel/framework/src/Illuminate/Pipeline/Pipeline.php(209): Illuminate\\Foundation\\Http\\Middleware\\PreventRequestsDuringMaintenance->handle(Object(Illuminate\\Http\\Request), Object(Closure))
#35 /Users/akrasi/Documents/GitHub/Adepa/backend/vendor/laravel/framework/src/Illuminate/Http/Middleware/HandleCors.php(62): Illuminate\\Pipeline\\Pipeline->{closure:{closure:Illuminate\\Pipeline\\Pipeline::carry():184}:185}(Object(Illuminate\\Http\\Request))
#36 /Users/akrasi/Documents/GitHub/Adepa/backend/vendor/laravel/framework/src/Illuminate/Pipeline/Pipeline.php(209): Illuminate\\Http\\Middleware\\HandleCors->handle(Object(Illuminate\\Http\\Request), Object(Closure))
#37 /Users/akrasi/Documents/GitHub/Adepa/backend/vendor/laravel/framework/src/Illuminate/Http/Middleware/TrustProxies.php(58): Illuminate\\Pipeline\\Pipeline->{closure:{closure:Illuminate\\Pipeline\\Pipeline::carry():184}:185}(Object(Illuminate\\Http\\Request))
#38 /Users/akrasi/Documents/GitHub/Adepa/backend/vendor/laravel/framework/src/Illuminate/Pipeline/Pipeline.php(209): Illuminate\\Http\\Middleware\\TrustProxies->handle(Object(Illuminate\\Http\\Request), Object(Closure))
#39 /Users/akrasi/Documents/GitHub/Adepa/backend/vendor/laravel/framework/src/Illuminate/Foundation/Http/Middleware/InvokeDeferredCallbacks.php(22): Illuminate\\Pipeline\\Pipeline->{closure:{closure:Illuminate\\Pipeline\\Pipeline::carry():184}:185}(Object(Illuminate\\Http\\Request))
#40 /Users/akrasi/Documents/GitHub/Adepa/backend/vendor/laravel/framework/src/Illuminate/Pipeline/Pipeline.php(209): Illuminate\\Foundation\\Http\\Middleware\\InvokeDeferredCallbacks->handle(Object(Illuminate\\Http\\Request), Object(Closure))
#41 /Users/akrasi/Documents/GitHub/Adepa/backend/vendor/laravel/framework/src/Illuminate/Pipeline/Pipeline.php(127): Illuminate\\Pipeline\\Pipeline->{closure:{closure:Illuminate\\Pipeline\\Pipeline::carry():184}:185}(Object(Illuminate\\Http\\Request))
#42 /Users/akrasi/Documents/GitHub/Adepa/backend/vendor/laravel/framework/src/Illuminate/Foundation/Http/Kernel.php(176): Illuminate\\Pipeline\\Pipeline->then(Object(Closure))
#43 /Users/akrasi/Documents/GitHub/Adepa/backend/vendor/laravel/framework/src/Illuminate/Foundation/Http/Kernel.php(145): Illuminate\\Foundation\\Http\\Kernel->sendRequestThroughRouter(Object(Illuminate\\Http\\Request))
#44 /Users/akrasi/Documents/GitHub/Adepa/backend/vendor/laravel/framework/src/Illuminate/Foundation/Testing/Concerns/MakesHttpRequests.php(607): Illuminate\\Foundation\\Http\\Kernel->handle(Object(Illuminate\\Http\\Request))
#45 /Users/akrasi/Documents/GitHub/Adepa/backend/vendor/laravel/framework/src/Illuminate/Foundation/Testing/Concerns/MakesHttpRequests.php(573): Illuminate\\Foundation\\Testing\\TestCase->call('GET', '/api/v1/orders/...', Array, Array, Array, Array, '[]')
#46 /Users/akrasi/Documents/GitHub/Adepa/backend/vendor/laravel/framework/src/Illuminate/Foundation/Testing/Concerns/MakesHttpRequests.php(381): Illuminate\\Foundation\\Testing\\TestCase->json('GET', '/api/v1/orders/...', Array, Array, 0)
#47 /Users/akrasi/Documents/GitHub/Adepa/backend/tests/Feature/RoleEnforcementTest.php(46): Illuminate\\Foundation\\Testing\\TestCase->getJson('/api/v1/orders/...')
#48 /Users/akrasi/Documents/GitHub/Adepa/backend/vendor/phpunit/phpunit/src/Framework/TestCase.php(1667): Tests\\Feature\\RoleEnforcementTest->test_employee_can_access_own_sales_endpoint()
#49 /Users/akrasi/Documents/GitHub/Adepa/backend/vendor/phpunit/phpunit/src/Framework/TestCase.php(519): PHPUnit\\Framework\\TestCase->runTest()
#50 /Users/akrasi/Documents/GitHub/Adepa/backend/vendor/phpunit/phpunit/src/Framework/TestRunner/TestRunner.php(87): PHPUnit\\Framework\\TestCase->runBare()
#51 /Users/akrasi/Documents/GitHub/Adepa/backend/vendor/phpunit/phpunit/src/Framework/TestCase.php(365): PHPUnit\\Framework\\TestRunner->run(Object(Tests\\Feature\\RoleEnforcementTest))
#52 /Users/akrasi/Documents/GitHub/Adepa/backend/vendor/phpunit/phpunit/src/Framework/TestSuite.php(369): PHPUnit\\Framework\\TestCase->run()
#53 /Users/akrasi/Documents/GitHub/Adepa/backend/vendor/phpunit/phpunit/src/Framework/TestSuite.php(369): PHPUnit\\Framework\\TestSuite->run()
#54 /Users/akrasi/Documents/GitHub/Adepa/backend/vendor/phpunit/phpunit/src/Framework/TestSuite.php(369): PHPUnit\\Framework\\TestSuite->run()
#55 /Users/akrasi/Documents/GitHub/Adepa/backend/vendor/phpunit/phpunit/src/TextUI/TestRunner.php(64): PHPUnit\\Framework\\TestSuite->run()
#56 /Users/akrasi/Documents/GitHub/Adepa/backend/vendor/phpunit/phpunit/src/TextUI/Application.php(211): PHPUnit\\TextUI\\TestRunner->run(Object(PHPUnit\\TextUI\\Configuration\\Configuration), Object(PHPUnit\\Runner\\ResultCache\\DefaultResultCache), Object(PHPUnit\\Framework\\TestSuite))
#57 /Users/akrasi/Documents/GitHub/Adepa/backend/vendor/phpunit/phpunit/phpunit(104): PHPUnit\\TextUI\\Application->run(Array)
#58 /Users/akrasi/Documents/GitHub/Adepa/backend/vendor/bin/phpunit(122): include('/Users/akrasi/D...')
#59 {main}
"} 
[2026-05-28 07:50:42] testing.ERROR: Cannot assign null to property App\Services\PaystackService::$secret of type string {"userId":"75f8a70a-a337-4a82-a5ec-9695c825d381","exception":"[object] (TypeError(code: 0): Cannot assign null to property App\\Services\\PaystackService::$secret of type string at /Users/akrasi/Documents/GitHub/Adepa/backend/app/Services/PaystackService.php:16)
[stacktrace]
#0 [internal function]: App\\Services\\PaystackService->__construct()
#1 /Users/akrasi/Documents/GitHub/Adepa/backend/vendor/laravel/framework/src/Illuminate/Container/Container.php(1004): ReflectionClass->newInstanceArgs(Array)
#2 /Users/akrasi/Documents/GitHub/Adepa/backend/vendor/laravel/framework/src/Illuminate/Container/Container.php(321): Illuminate\\Container\\Container->build('App\\\\Services\\\\Pa...')
#3 /Users/akrasi/Documents/GitHub/Adepa/backend/vendor/laravel/framework/src/Illuminate/Container/Container.php(952): Illuminate\\Container\\Container->{closure:Illuminate\\Container\\Container::getClosure():319}(Object(Illuminate\\Foundation\\Application), Array)
#4 /Users/akrasi/Documents/GitHub/Adepa/backend/vendor/laravel/framework/src/Illuminate/Container/Container.php(832): Illuminate\\Container\\Container->build(Object(Closure))
#5 /Users/akrasi/Documents/GitHub/Adepa/backend/vendor/laravel/framework/src/Illuminate/Foundation/Application.php(1078): Illuminate\\Container\\Container->resolve('App\\\\Services\\\\Pa...', Array, true)
#6 /Users/akrasi/Documents/GitHub/Adepa/backend/vendor/laravel/framework/src/Illuminate/Container/Container.php(763): Illuminate\\Foundation\\Application->resolve('App\\\\Services\\\\Pa...', Array)
#7 /Users/akrasi/Documents/GitHub/Adepa/backend/vendor/laravel/framework/src/Illuminate/Foundation/Application.php(1058): Illuminate\\Container\\Container->make('App\\\\Services\\\\Pa...', Array)
#8 /Users/akrasi/Documents/GitHub/Adepa/backend/vendor/laravel/framework/src/Illuminate/Container/Container.php(1133): Illuminate\\Foundation\\Application->make('App\\\\Services\\\\Pa...')
#9 /Users/akrasi/Documents/GitHub/Adepa/backend/vendor/laravel/framework/src/Illuminate/Container/Container.php(1043): Illuminate\\Container\\Container->resolveClass(Object(ReflectionParameter))
#10 /Users/akrasi/Documents/GitHub/Adepa/backend/vendor/laravel/framework/src/Illuminate/Container/Container.php(994): Illuminate\\Container\\Container->resolveDependencies(Array)
#11 /Users/akrasi/Documents/GitHub/Adepa/backend/vendor/laravel/framework/src/Illuminate/Container/Container.php(832): Illuminate\\Container\\Container->build('App\\\\Http\\\\Contro...')
#12 /Users/akrasi/Documents/GitHub/Adepa/backend/vendor/laravel/framework/src/Illuminate/Foundation/Application.php(1078): Illuminate\\Container\\Container->resolve('App\\\\Http\\\\Contro...', Array, true)
#13 /Users/akrasi/Documents/GitHub/Adepa/backend/vendor/laravel/framework/src/Illuminate/Container/Container.php(763): Illuminate\\Foundation\\Application->resolve('App\\\\Http\\\\Contro...', Array)
#14 /Users/akrasi/Documents/GitHub/Adepa/backend/vendor/laravel/framework/src/Illuminate/Foundation/Application.php(1058): Illuminate\\Container\\Container->make('App\\\\Http\\\\Contro...', Array)
#15 /Users/akrasi/Documents/GitHub/Adepa/backend/vendor/laravel/framework/src/Illuminate/Routing/Route.php(285): Illuminate\\Foundation\\Application->make('App\\\\Http\\\\Contro...')
#16 /Users/akrasi/Documents/GitHub/Adepa/backend/vendor/laravel/framework/src/Illuminate/Routing/Route.php(1125): Illuminate\\Routing\\Route->getController()
#17 /Users/akrasi/Documents/GitHub/Adepa/backend/vendor/laravel/framework/src/Illuminate/Routing/Route.php(1054): Illuminate\\Routing\\Route->controllerMiddleware()
#18 /Users/akrasi/Documents/GitHub/Adepa/backend/vendor/laravel/framework/src/Illuminate/Routing/Router.php(820): Illuminate\\Routing\\Route->gatherMiddleware()
#19 /Users/akrasi/Documents/GitHub/Adepa/backend/vendor/laravel/framework/src/Illuminate/Routing/Router.php(802): Illuminate\\Routing\\Router->gatherRouteMiddleware(Object(Illuminate\\Routing\\Route))
#20 /Users/akrasi/Documents/GitHub/Adepa/backend/vendor/laravel/framework/src/Illuminate/Routing/Router.php(786): Illuminate\\Routing\\Router->runRouteWithinStack(Object(Illuminate\\Routing\\Route), Object(Illuminate\\Http\\Request))
#21 /Users/akrasi/Documents/GitHub/Adepa/backend/vendor/laravel/framework/src/Illuminate/Routing/Router.php(750): Illuminate\\Routing\\Router->runRoute(Object(Illuminate\\Http\\Request), Object(Illuminate\\Routing\\Route))
#22 /Users/akrasi/Documents/GitHub/Adepa/backend/vendor/laravel/framework/src/Illuminate/Routing/Router.php(739): Illuminate\\Routing\\Router->dispatchToRoute(Object(Illuminate\\Http\\Request))
#23 /Users/akrasi/Documents/GitHub/Adepa/backend/vendor/laravel/framework/src/Illuminate/Foundation/Http/Kernel.php(201): Illuminate\\Routing\\Router->dispatch(Object(Illuminate\\Http\\Request))
#24 /Users/akrasi/Documents/GitHub/Adepa/backend/vendor/laravel/framework/src/Illuminate/Pipeline/Pipeline.php(170): Illuminate\\Foundation\\Http\\Kernel->{closure:Illuminate\\Foundation\\Http\\Kernel::dispatchToRouter():198}(Object(Illuminate\\Http\\Request))
#25 /Users/akrasi/Documents/GitHub/Adepa/backend/vendor/laravel/framework/src/Illuminate/Foundation/Http/Middleware/TransformsRequest.php(21): Illuminate\\Pipeline\\Pipeline->{closure:Illuminate\\Pipeline\\Pipeline::prepareDestination():168}(Object(Illuminate\\Http\\Request))
#26 /Users/akrasi/Documents/GitHub/Adepa/backend/vendor/laravel/framework/src/Illuminate/Foundation/Http/Middleware/ConvertEmptyStringsToNull.php(31): Illuminate\\Foundation\\Http\\Middleware\\TransformsRequest->handle(Object(Illuminate\\Http\\Request), Object(Closure))
#27 /Users/akrasi/Documents/GitHub/Adepa/backend/vendor/laravel/framework/src/Illuminate/Pipeline/Pipeline.php(209): Illuminate\\Foundation\\Http\\Middleware\\ConvertEmptyStringsToNull->handle(Object(Illuminate\\Http\\Request), Object(Closure))
#28 /Users/akrasi/Documents/GitHub/Adepa/backend/vendor/laravel/framework/src/Illuminate/Foundation/Http/Middleware/TransformsRequest.php(21): Illuminate\\Pipeline\\Pipeline->{closure:{closure:Illuminate\\Pipeline\\Pipeline::carry():184}:185}(Object(Illuminate\\Http\\Request))
#29 /Users/akrasi/Documents/GitHub/Adepa/backend/vendor/laravel/framework/src/Illuminate/Foundation/Http/Middleware/TrimStrings.php(51): Illuminate\\Foundation\\Http\\Middleware\\TransformsRequest->handle(Object(Illuminate\\Http\\Request), Object(Closure))
#30 /Users/akrasi/Documents/GitHub/Adepa/backend/vendor/laravel/framework/src/Illuminate/Pipeline/Pipeline.php(209): Illuminate\\Foundation\\Http\\Middleware\\TrimStrings->handle(Object(Illuminate\\Http\\Request), Object(Closure))
#31 /Users/akrasi/Documents/GitHub/Adepa/backend/vendor/laravel/framework/src/Illuminate/Http/Middleware/ValidatePostSize.php(27): Illuminate\\Pipeline\\Pipeline->{closure:{closure:Illuminate\\Pipeline\\Pipeline::carry():184}:185}(Object(Illuminate\\Http\\Request))
#32 /Users/akrasi/Documents/GitHub/Adepa/backend/vendor/laravel/framework/src/Illuminate/Pipeline/Pipeline.php(209): Illuminate\\Http\\Middleware\\ValidatePostSize->handle(Object(Illuminate\\Http\\Request), Object(Closure))
#33 /Users/akrasi/Documents/GitHub/Adepa/backend/vendor/laravel/framework/src/Illuminate/Foundation/Http/Middleware/PreventRequestsDuringMaintenance.php(110): Illuminate\\Pipeline\\Pipeline->{closure:{closure:Illuminate\\Pipeline\\Pipeline::carry():184}:185}(Object(Illuminate\\Http\\Request))
#34 /Users/akrasi/Documents/GitHub/Adepa/backend/vendor/laravel/framework/src/Illuminate/Pipeline/Pipeline.php(209): Illuminate\\Foundation\\Http\\Middleware\\PreventRequestsDuringMaintenance->handle(Object(Illuminate\\Http\\Request), Object(Closure))
#35 /Users/akrasi/Documents/GitHub/Adepa/backend/vendor/laravel/framework/src/Illuminate/Http/Middleware/HandleCors.php(62): Illuminate\\Pipeline\\Pipeline->{closure:{closure:Illuminate\\Pipeline\\Pipeline::carry():184}:185}(Object(Illuminate\\Http\\Request))
#36 /Users/akrasi/Documents/GitHub/Adepa/backend/vendor/laravel/framework/src/Illuminate/Pipeline/Pipeline.php(209): Illuminate\\Http\\Middleware\\HandleCors->handle(Object(Illuminate\\Http\\Request), Object(Closure))
#37 /Users/akrasi/Documents/GitHub/Adepa/backend/vendor/laravel/framework/src/Illuminate/Http/Middleware/TrustProxies.php(58): Illuminate\\Pipeline\\Pipeline->{closure:{closure:Illuminate\\Pipeline\\Pipeline::carry():184}:185}(Object(Illuminate\\Http\\Request))
#38 /Users/akrasi/Documents/GitHub/Adepa/backend/vendor/laravel/framework/src/Illuminate/Pipeline/Pipeline.php(209): Illuminate\\Http\\Middleware\\TrustProxies->handle(Object(Illuminate\\Http\\Request), Object(Closure))
#39 /Users/akrasi/Documents/GitHub/Adepa/backend/vendor/laravel/framework/src/Illuminate/Foundation/Http/Middleware/InvokeDeferredCallbacks.php(22): Illuminate\\Pipeline\\Pipeline->{closure:{closure:Illuminate\\Pipeline\\Pipeline::carry():184}:185}(Object(Illuminate\\Http\\Request))
#40 /Users/akrasi/Documents/GitHub/Adepa/backend/vendor/laravel/framework/src/Illuminate/Pipeline/Pipeline.php(209): Illuminate\\Foundation\\Http\\Middleware\\InvokeDeferredCallbacks->handle(Object(Illuminate\\Http\\Request), Object(Closure))
#41 /Users/akrasi/Documents/GitHub/Adepa/backend/vendor/laravel/framework/src/Illuminate/Pipeline/Pipeline.php(127): Illuminate\\Pipeline\\Pipeline->{closure:{closure:Illuminate\\Pipeline\\Pipeline::carry():184}:185}(Object(Illuminate\\Http\\Request))
#42 /Users/akrasi/Documents/GitHub/Adepa/backend/vendor/laravel/framework/src/Illuminate/Foundation/Http/Kernel.php(176): Illuminate\\Pipeline\\Pipeline->then(Object(Closure))
#43 /Users/akrasi/Documents/GitHub/Adepa/backend/vendor/laravel/framework/src/Illuminate/Foundation/Http/Kernel.php(145): Illuminate\\Foundation\\Http\\Kernel->sendRequestThroughRouter(Object(Illuminate\\Http\\Request))
#44 /Users/akrasi/Documents/GitHub/Adepa/backend/vendor/laravel/framework/src/Illuminate/Foundation/Testing/Concerns/MakesHttpRequests.php(607): Illuminate\\Foundation\\Http\\Kernel->handle(Object(Illuminate\\Http\\Request))
#45 /Users/akrasi/Documents/GitHub/Adepa/backend/vendor/laravel/framework/src/Illuminate/Foundation/Testing/Concerns/MakesHttpRequests.php(573): Illuminate\\Foundation\\Testing\\TestCase->call('GET', '/api/v1/orders/...', Array, Array, Array, Array, '[]')
#46 /Users/akrasi/Documents/GitHub/Adepa/backend/vendor/laravel/framework/src/Illuminate/Foundation/Testing/Concerns/MakesHttpRequests.php(381): Illuminate\\Foundation\\Testing\\TestCase->json('GET', '/api/v1/orders/...', Array, Array, 0)
#47 /Users/akrasi/Documents/GitHub/Adepa/backend/tests/Feature/RoleEnforcementTest.php(77): Illuminate\\Foundation\\Testing\\TestCase->getJson('/api/v1/orders/...')
#48 /Users/akrasi/Documents/GitHub/Adepa/backend/vendor/phpunit/phpunit/src/Framework/TestCase.php(1667): Tests\\Feature\\RoleEnforcementTest->test_orders_id_route_only_matches_uuid_format()
#49 /Users/akrasi/Documents/GitHub/Adepa/backend/vendor/phpunit/phpunit/src/Framework/TestCase.php(519): PHPUnit\\Framework\\TestCase->runTest()
#50 /Users/akrasi/Documents/GitHub/Adepa/backend/vendor/phpunit/phpunit/src/Framework/TestRunner/TestRunner.php(87): PHPUnit\\Framework\\TestCase->runBare()
#51 /Users/akrasi/Documents/GitHub/Adepa/backend/vendor/phpunit/phpunit/src/Framework/TestCase.php(365): PHPUnit\\Framework\\TestRunner->run(Object(Tests\\Feature\\RoleEnforcementTest))
#52 /Users/akrasi/Documents/GitHub/Adepa/backend/vendor/phpunit/phpunit/src/Framework/TestSuite.php(369): PHPUnit\\Framework\\TestCase->run()
#53 /Users/akrasi/Documents/GitHub/Adepa/backend/vendor/phpunit/phpunit/src/Framework/TestSuite.php(369): PHPUnit\\Framework\\TestSuite->run()
#54 /Users/akrasi/Documents/GitHub/Adepa/backend/vendor/phpunit/phpunit/src/Framework/TestSuite.php(369): PHPUnit\\Framework\\TestSuite->run()
#55 /Users/akrasi/Documents/GitHub/Adepa/backend/vendor/phpunit/phpunit/src/TextUI/TestRunner.php(64): PHPUnit\\Framework\\TestSuite->run()
#56 /Users/akrasi/Documents/GitHub/Adepa/backend/vendor/phpunit/phpunit/src/TextUI/Application.php(211): PHPUnit\\TextUI\\TestRunner->run(Object(PHPUnit\\TextUI\\Configuration\\Configuration), Object(PHPUnit\\Runner\\ResultCache\\DefaultResultCache), Object(PHPUnit\\Framework\\TestSuite))
#57 /Users/akrasi/Documents/GitHub/Adepa/backend/vendor/phpunit/phpunit/phpunit(104): PHPUnit\\TextUI\\Application->run(Array)
#58 /Users/akrasi/Documents/GitHub/Adepa/backend/vendor/bin/phpunit(122): include('/Users/akrasi/D...')
#59 {main}
"} 
